x[1]:
8-element Vector{Complex{Int16}}:
 -108 - 74im
  -36 - 77im
  -36 + 3im
  -21 - 26im
   90 + 71im
  114 + 126im
  108 - 111im
    8 + 3im

A[:, :, 1]:
4×4 Matrix{Int16}:
  72  -82  -124  -36
 -49  -66    88    0
 114  -46   -65   19
  36  127   -83  121

B[:, :, 1]:
4×4 Matrix{Int16}:
  -62  -82     5  -13
  116  -83  -122  119
 -125    5    69   97
  -65  -22   -54  -98

C[:, :, 1]:
4×4 Matrix{Int16}:
   44   100  -119  102
   55  -121   -70  -84
 -100     6  -105    2
    7   126    85   81

D[:, :, 1]:
4×4 Matrix{Int16}:
    8    98  -73   34
    3  -102   -7   26
 -100    -7  -62  -14
   75   -25  107   82

E[:, :, 1]:
4×4 Matrix{Int16}:
 -24    78  -109  63
 -11   -82    -6  53
  69  -122    18  -7
  76  -101   106  -7

F[:, :, 1]:
4×4 Matrix{Int16}:
  -78    79   26   -54
 -108  -124   21   -54
   82    50  -49  -116
 -102   -96  -79   -66

x2[1]
8-element Vector{Int16}:
 17140
  7225
  1305
  1117
 13141
 28872
 23985
    73

AC[:, :, 1]:
4×4 Matrix{Int16}:
  10806  11842   7132  11068
 -14586   3614   1211    722
   9119  18970  -1906  16901
  17716   2981   5826   2639

BC[:, :, 1]:
4×4 Matrix{Int16}:
  -7829    2114  11488    -479
  13572  -29631  14931   28199
 -11446    -469  15525   -5175
    644  -16510   6615  -12828

DF[:, :, 1]:
4×4 Matrix{Int16}:
 -20662  -18434    3157     500
   7556   10039   -3775    4442
   4900   -8788    1397   13894
  -2740    6503  -10296  -20524

EF[:, :, 1]:
4×4 Matrix{Int16}:
 -21916  -23066   1378    5570
   3816    3911  -5901    2220
   9984   22151  -1097    1236
  14386   24500  -4786  -10484

M[:, :, 1]:
8×8 Matrix{Int32}:
  10806   11842   7132   11068  -20662  -18434    3157     500
 -14586    3614   1211     722    7556   10039   -3775    4442
   9119   18970  -1906   16901    4900   -8788    1397   13894
  17716    2981   5826    2639   -2740    6503  -10296  -20524
  -7829    2114  11488    -479  -21916  -23066    1378    5570
  13572  -29631  14931   28199    3816    3911   -5901    2220
 -11446    -469  15525   -5175    9984   22151   -1097    1236
    644  -16510   6615  -12828   14386   24500   -4786  -10484

u[:, 1]
8-element Vector{Int32}:
  -435545139
    77414234
   154934068
   239041122
 -1024960381
    91214366
   559428784
   666909993

y[:, 1]:
8-element Vector{Int32}:
  1761372074
   112975980
  -701059576
  1913033498
 -1607473849
 -1757112662
  1944704596
  1867469809

z[:, 1]
8-element Vector{Int32}:
  1325826935
   190390214
  -546125508
 -2142892676
  1662533066
 -1665898296
 -1790833916
 -1760587494

********************************************
x[2]:
8-element Vector{Complex{Int16}}:
  36 + 31im
 -37 - 61im
  10 - 102im
 126 + 24im
 -61 - 50im
 115 - 74im
 -11 + 66im
 -42 - 48im

A[:, :, 2]:
4×4 Matrix{Int16}:
  74   96   71  -26
  14   63  103    0
 -85   41   10  -72
  46  -16   54  126

B[:, :, 2]:
4×4 Matrix{Int16}:
   68  123  21  -118
 -107   -2  11   -81
  -38   54  19   123
   30   95  47   -22

C[:, :, 2]:
4×4 Matrix{Int16}:
   85   86  -15   13
 -117  -22   86  103
   29   20  -15  -12
  -57   34  110  -16

D[:, :, 2]:
4×4 Matrix{Int16}:
 -113   29  -101   10
  -98   34   -69  -64
  -83   52  -104    3
   53  -87  -124  -88

E[:, :, 2]:
4×4 Matrix{Int16}:
 -56    28   56     5
 -23   -85   90    -7
 -89  -106  -28  -121
 -50   -44   83    21

F[:, :, 2]:
4×4 Matrix{Int16}:
  75    -2   121  121
  95   107    98   77
 122  -100  -125   93
  80   -57    87  -84

x2[2]
8-element Vector{Int16}:
  2257
  5090
 10504
 16452
  6221
 18701
  4477
  4068

AC[:, :, 2]:
4×4 Matrix{Int16}:
 -1401    4788   3221  10414
 -3194    1878   3663   5435
 -7628  -10460  -3269   4150
   166    9672  10984  -3714

BC[:, :, 2]:
4×4 Matrix{Int16}:
  -1276    -450  -3737  15189
  -3925  -11692  -7642   -433
 -16008     106  18459   2872
  -5948     682   4595   9963

DF[:, :, 2]:
4×4 Matrix{Int16}:
 -17242  12859   2664  -21673
 -17658  14382  -5469  -10281
 -13733  15959   8314  -15963
 -26458   8001   5731   -4426

EF[:, :, 2]:
4×4 Matrix{Int16}:
   5692   -2777  -10597     168
    620  -17650  -22972    -370
 -29841   -1467  -28184  -11371
   3876  -14105  -18910   -3483

M[:, :, 2]:
8×8 Matrix{Int32}:
  -1401    4788   3221  10414  -17242   12859    2664  -21673
  -3194    1878   3663   5435  -17658   14382   -5469  -10281
  -7628  -10460  -3269   4150  -13733   15959    8314  -15963
    166    9672  10984  -3714  -26458    8001    5731   -4426
  -1276    -450  -3737  15189    5692   -2777  -10597     168
  -3925  -11692  -7642   -433     620  -17650  -22972    -370
 -16008     106  18459   2872  -29841   -1467  -28184  -11371
  -5948     682   4595   9963    3876  -14105  -18910   -3483

u[:, 2]
8-element Vector{Int32}:
  283348016
  223042477
  148780988
   96562552
  142183458
 -586332723
 -179959260
 -136270023

y[:, 2]:
8-element Vector{Int32}:
   373619890
 -1252713121
  1131382619
  -643388511
 -1458028711
  -145780451
   436760636
  -544819267

z[:, 2]
8-element Vector{Int32}:
   656967906
 -1029670644
  1280163607
  -546825959
 -1315845253
  -732113174
   256801376
  -681089290

********************************************
x[3]:
8-element Vector{Complex{Int16}}:
 -83 + 27im
  66 - 29im
 -71 - 123im
  11 + 44im
 125 + 43im
 -85 + 120im
 -81 + 117im
 -44 - 49im

A[:, :, 3]:
4×4 Matrix{Int16}:
    3  -115  -117   27
 -119   -27    -1    1
   48    84   -11  113
  -86   104  -125   78

B[:, :, 3]:
4×4 Matrix{Int16}:
   27  -26   84   -57
 -126   21   12    75
  -84   27  -11  -115
   98  -64   16   127

C[:, :, 3]:
4×4 Matrix{Int16}:
  29  121   122   75
 104  107   -26   -1
 -39   39    30  -12
 121   26  -120  124

D[:, :, 3]:
4×4 Matrix{Int16}:
 -76  -120   -25  -31
  75     6    27  -62
 118   -86  -123   30
  35   -61    -7   26

E[:, :, 3]:
4×4 Matrix{Int16}:
 -33   22   -19  -29
  15   81   -60  -93
 104  -28    83  -99
 121  114  -110  -69

F[:, :, 3]:
4×4 Matrix{Int16}:
  -11  -50   35   -73
   89  -91  -27  -127
 -128  -75   62   -20
  -38  -49   86  -106

x2[3]
8-element Vector{Int16}:
  7618
  5197
 20170
  2057
 17474
 21625
 20250
  4337

AC[:, :, 3]:
4×4 Matrix{Int16}:
 -4043  -15803   -3394   5092
 -6099  -17301  -13966  -8762
 24230   17305  -10218  17660
 22635   -2125  -26306   4618

BC[:, :, 3]:
4×4 Matrix{Int16}:
 -12094    2279   13330   -6025
   7137  -10581  -24558    -315
 -13114  -10694    2520  -20455
  10929    8936   -1140   22970

DF[:, :, 3]:
4×4 Matrix{Int16}:
 -5466  18114  -3636  24574
 -1391  -3283  -1195   -205
  5652   9681   1406   1588
 -5906   3052   4674   2576

EF[:, :, 3]:
4×4 Matrix{Int16}:
   5855   2494   -5421    3069
  18258    936  -13380    -324
 -10498  -4026    1028    4798
  25517  -4793  -11597  -13797

M[:, :, 3]:
8×8 Matrix{Int32}:
  -4043  -15803   -3394    5092   -5466  18114   -3636   24574
  -6099  -17301  -13966   -8762   -1391  -3283   -1195    -205
  24230   17305  -10218   17660    5652   9681    1406    1588
  22635   -2125  -26306    4618   -5906   3052    4674    2576
 -12094    2279   13330   -6025    5855   2494   -5421    3069
   7137  -10581  -24558    -315   18258    936  -13380    -324
 -13114  -10694    2520  -20455  -10498  -4026    1028    4798
  10929    8936   -1140   22970   25517  -4793  -11597  -13797

u[:, 3]
8-element Vector{Int32}:
  158240303
 -556482177
  448221114
 -291084321
  235962569
 -429671502
 -375605081
  201511598

y[:, 3]:
8-element Vector{Int32}:
  1345888684
  1419621141
   181124936
 -1437658247
  1097594471
  -120349969
     9568508
  1445063845

z[:, 3]
8-element Vector{Int32}:
  1504128987
   863138964
   629346050
 -1728742568
  1333557040
  -550021471
  -366036573
  1646575443

********************************************
x[4]:
8-element Vector{Complex{Int16}}:
 107 + 57im
 -84 + 51im
 101 + 9im
 106 - 66im
 -40 - 105im
 -98 - 109im
  28 + 111im
  74 - 89im

A[:, :, 4]:
4×4 Matrix{Int16}:
  -9  -28  -57  -25
 -69   -1  110  -59
  -6   21   75   68
 -62    2   84  -62

B[:, :, 4]:
4×4 Matrix{Int16}:
   77   71  -66  109
  -41   50  -38   60
 -119   49  -10  125
  -83  103   28  -82

C[:, :, 4]:
4×4 Matrix{Int16}:
  50   -81    37  -74
  13  -126  -114   -9
 127   -94   121   72
  74   -47   -96   27

D[:, :, 4]:
4×4 Matrix{Int16}:
  -61    50  -64  -62
 -120  -105   39   85
   94    35   41  -60
   54    10  -17  -21

E[:, :, 4]:
4×4 Matrix{Int16}:
  -61    -5    15   -75
 -116    60   101  -112
 -111    43  -100   -58
   83  -126   -16    64

F[:, :, 4]:
4×4 Matrix{Int16}:
   69     1  -61  -38
 -112  -114   21  -59
  -80   -41   25  -12
  -62    97  -33    3

x2[4]
8-element Vector{Int16}:
 14698
  9657
 10282
 15592
 12625
 21485
 13105
 13397

AC[:, :, 4]:
4×4 Matrix{Int16}:
 -9903   10790  -1638  -3861
  6141   -1852  16535  11442
 14530  -12406    -69   7491
  3006    -212  13594   8944

BC[:, :, 4]:
4×4 Matrix{Int16}:
  4457  -14102  -23695  -8146
 -1786   -2227  -17575   1468
  2667   -1470  -23199  11020
 -5323   -5033   -3553   5017

DF[:, :, 4]:
4×4 Matrix{Int16}:
  -845   -9151   5217    -50
 -4910   18496   3285  10542
  3006  -11397  -1994  -6309
  5268   -2426  -2816  -2501

EF[:, :, 4]:
4×4 Matrix{Int16}:
   -199   -7381    6466  2208
 -15860  -21961   14557  -680
   -879   -6539    7088  2707
  17151   21311  -10221  4664

M[:, :, 4]:
8×8 Matrix{Int32}:
 -9903   10790   -1638  -3861    -845   -9151    5217    -50
  6141   -1852   16535  11442   -4910   18496    3285  10542
 14530  -12406     -69   7491    3006  -11397   -1994  -6309
  3006    -212   13594   8944    5268   -2426   -2816  -2501
  4457  -14102  -23695  -8146    -199   -7381    6466   2208
 -1786   -2227  -17575   1468  -15860  -21961   14557   -680
  2667   -1470  -23199  11020    -879   -6539    7088   2707
 -5323   -5033   -3553   5017   17151   21311  -10221   4664

u[:, 4]
8-element Vector{Int32}:
 -257976317
  940471097
 -107719426
  265339573
 -488094104
 -695978921
  -64138373
  517787596

y[:, 4]:
8-element Vector{Int32}:
 -1120667845
  -994370415
  -727124466
  1897358922
  1499841697
  -441357885
   631854168
 -1180449078

z[:, 4]
8-element Vector{Int32}:
 -1378644162
   -53899318
  -834843892
 -2132268801
  1011747593
 -1137336806
   567715795
  -662661482

********************************************
x[5]:
8-element Vector{Complex{Int16}}:
 107 + 43im
 -24 + 19im
  47 - 92im
 127 + 114im
 -76 - 45im
  73 + 97im
  93 - 111im
 -40 + 95im

A[:, :, 5]:
4×4 Matrix{Int16}:
 53    33  126  -30
 10    97   83   45
 14  -121  106   36
 86  -103   48   14

B[:, :, 5]:
4×4 Matrix{Int16}:
   89  -113   -91  88
 -107    46     3  97
   23  -123  -101  51
  -58   -73   110  -5

C[:, :, 5]:
4×4 Matrix{Int16}:
  -5  -123   -82    51
  27   -31    32  -106
  32    38  -127     1
 -41   124   116  -121

D[:, :, 5]:
4×4 Matrix{Int16}:
  -31   100   68   88
  126   -23  -86  -75
    1  -111  104   23
 -113  -107  -56  -20

E[:, :, 5]:
4×4 Matrix{Int16}:
   99   80   77   38
  -95   67  108   39
 -103  -88  -32  110
   54   90  110   61

F[:, :, 5]:
4×4 Matrix{Int16}:
 -107  -34  -111   97
    7  -79    94  -30
  -31    7    95  -24
  102   22    53  119

x2[5]
8-element Vector{Int16}:
 13298
   937
 10673
 29125
  7801
 14738
 20970
 10625

AC[:, :, 5]:
4×4 Matrix{Int16}:
  5888  -6474  -22772    2961
  3380   4497   -3037  -15134
 -1421  10521  -14306    9290
 -2249  -3825  -14820   13658

BC[:, :, 5]:
4×4 Matrix{Int16}:
 -10016     10   10851    5778
  -2104  23877   21117  -22067
  -8759   3470   12921    7939
   2044  12957  -12130    5495

DF[:, :, 5]:
4×4 Matrix{Int16}:
  10885  -4434   23965   2833
 -18627  -4719  -28293   6051
  -1762   9969     554   3668
  11038  11463   -3895  -8787

EF[:, :, 5]:
4×4 Matrix{Int16}:
 -8544  -8311   5860   9877
 11264   -449  29170  -9176
 22617  12650   5951   6507
 -2336  -6834  16149   7157

M[:, :, 5]:
8×8 Matrix{Int32}:
   5888  -6474  -22772    2961   10885  -4434   23965   2833
   3380   4497   -3037  -15134  -18627  -4719  -28293   6051
  -1421  10521  -14306    9290   -1762   9969     554   3668
  -2249  -3825  -14820   13658   11038  11463   -3895  -8787
 -10016     10   10851    5778   -8544  -8311    5860   9877
  -2104  23877   21117  -22067   11264   -449   29170  -9176
  -8759   3470   12921    7939   22617  12650    5951   6507
   2044  12957  -12130    5495   -2336  -6834   16149   7157

u[:, 5]
8-element Vector{Int32}:
   467638323
 -1167900906
   292612671
   286133270
   189601638
   172527125
   812703678
   365645233

y[:, 5]:
8-element Vector{Int32}:
  1797486968
 -1805591656
  1019996664
   311206044
 -1318746416
 -1781145794
   261158468
  1606443357

z[:, 5]
8-element Vector{Int32}:
 -2029842005
  1321474734
  1312609335
   597339314
 -1129144778
 -1608618669
  1073862146
  1972088590

********************************************
x[6]:
8-element Vector{Complex{Int16}}:
  -77 + 110im
   50 - 53im
 -123 - 126im
   55 - 84im
  -35 + 25im
   74 + 55im
   25 + 60im
 -121 + 119im

A[:, :, 6]:
4×4 Matrix{Int16}:
 -64   93   -41  -15
  87   18  -123   18
  64  107    25  102
 -33   55     0  -41

B[:, :, 6]:
4×4 Matrix{Int16}:
 -53  -33  -46  116
 118   98   44   40
 -39  -84  -73  -89
  29   35  100    7

C[:, :, 6]:
4×4 Matrix{Int16}:
 -40   -96    88   118
 116   -67    68  -118
  -8  -110   -68    49
 111   -60  -117   -34

D[:, :, 6]:
4×4 Matrix{Int16}:
  42  -88  -80  114
 -60   66  -60   40
  85   91  127  -14
 -64   10  -96   65

E[:, :, 6]:
4×4 Matrix{Int16}:
 -108  -108  103   53
   74     0    7  102
  100    42  -91  -56
  -46   -20   44   43

F[:, :, 6]:
4×4 Matrix{Int16}:
 -56   -77  -18  -53
 -66  -106  -84  -33
  -9   116  -87  -41
 -20     7   30  -13

x2[6]
8-element Vector{Int16}:
 18029
  5309
 31005
 10081
  1850
  8501
  4225
 28802

AC[:, :, 6]:
4×4 Matrix{Int16}:
 12011    5323   5235  -20025
  1590    2892  15138    1503
 20974  -22183   -726   -7317
  3149    1943   5633   -8990

BC[:, :, 6]:
4×4 Matrix{Int16}:
  11536    5399  -17352  -8558
  10736  -25134    9376   3156
 -17479   22742    6233   4759
   2877  -16549   -2687   3954

DF[:, :, 6]:
4×4 Matrix{Int16}:
   1896  -2388   17016    2476
  -1256  -9056    1956    2942
 -11629  -1557  -20643  -12533
   2488  -6813   10614    6153

EF[:, :, 6]:
4×4 Matrix{Int16}:
 11189   32083  3645   4376
 -6247   -4172  1119  -5535
 -6433  -23100   909  -2227
  2640   11067   -30    735

M[:, :, 6]:
8×8 Matrix{Int32}:
  12011    5323    5235  -20025    1896   -2388   17016    2476
   1590    2892   15138    1503   -1256   -9056    1956    2942
  20974  -22183    -726   -7317  -11629   -1557  -20643  -12533
   3149    1943    5633   -8990    2488   -6813   10614    6153
  11536    5399  -17352   -8558   11189   32083    3645    4376
  10736  -25134    9376    3156   -6247   -4172    1119   -5535
 -17479   22742    6233    4759   -6433  -23100     909   -2227
   2877  -16549   -2687    3954    2640   11067     -30     735

u[:, 6]
8-element Vector{Int32}:
  331658840
  542216099
 -318843456
  319860026
   47248787
  180927037
 -221737648
   40567918

y[:, 6]:
8-element Vector{Int32}:
 -1943295451
   655087895
  1463931405
  1747315697
 -1733293845
  1203207683
 -1978104485
  -342918714

z[:, 6]
8-element Vector{Int32}:
 -1611636611
  1197303994
  1145087949
  2067175723
 -1686045058
  1384134720
  2095125163
  -302350796

********************************************
x[7]:
8-element Vector{Complex{Int16}}:
  55 - 53im
  74 - 37im
  22 + 52im
  86 - 109im
  70 - 33im
  11 + 52im
 107 + 10im
  80 - 1im

A[:, :, 7]:
4×4 Matrix{Int16}:
 -49   26  -116   18
 -52  -65   123   15
 -42   86   -72  -38
  -5  115    78  -60

B[:, :, 7]:
4×4 Matrix{Int16}:
 122  -115  -86  -33
 -18    32  -97  -85
   2  -101   20   43
 -31   122   85  -60

C[:, :, 7]:
4×4 Matrix{Int16}:
  -15   30  119  -112
 -127   88  -93  -127
  -19   80  124  -109
  104  108  -22    15

D[:, :, 7]:
4×4 Matrix{Int16}:
  -46    87   81  -54
 -123    77  -54  -16
   63    87  -55   44
  126  -124   60    9

E[:, :, 7]:
4×4 Matrix{Int16}:
  -6    82  -116  -16
  -6   -98    95   88
 -63   -55   -71  103
  78  -109    53   10

F[:, :, 7]:
4×4 Matrix{Int16}:
   31  -68   48   -33
 -115   72  -66   -32
   74  -96  -72  -108
 -125  -66  103    11

x2[7]
8-element Vector{Int16}:
  5834
  6845
  3188
 19277
  5989
  2825
 11549
  6401

AC[:, :, 7]:
4×4 Matrix{Int16}:
   1509  -6518  -23029   15100
   8258   4180   14779     897
 -12876  -3556  -21088    1060
 -22252   9730    -298  -23447

BC[:, :, 7]:
4×4 Matrix{Int16}:
  10977  -16904   15275    9820
 -10791  -14664  -15276    7250
  16889   -2584   11165   11068
 -22884   10126   -3175  -22187

DF[:, :, 7]:
4×4 Matrix{Int16}:
   1313    5180  -19344  -10608
 -14664   20148   -8746    7251
 -17622    4356    5774    1561
  21481  -23850   10839   -6571

EF[:, :, 7]:
4×4 Matrix{Int16}:
 -16200   18504   1004   9926
   7114  -21576   8404  -5958
 -13757     342  16327  12640
  17625  -18900   8152  -4700

M[:, :, 7]:
8×8 Matrix{Int32}:
   1509   -6518  -23029   15100    1313    5180  -19344  -10608
   8258    4180   14779     897  -14664   20148   -8746    7251
 -12876   -3556  -21088    1060  -17622    4356    5774    1561
 -22252    9730    -298  -23447   21481  -23850   10839   -6571
  10977  -16904   15275    9820  -16200   18504    1004    9926
 -10791  -14664  -15276    7250    7114  -21576    8404   -5958
  16889   -2584   11165   11068  -13757     342   16327   12640
 -22884   10126   -3175  -22187   17625  -18900    8152   -4700

u[:, 7]
8-element Vector{Int32}:
  -86954563
   55697694
 -162810899
 -371762062
  216712300
  -31697228
  517839442
 -385787112

y[:, 7]:
8-element Vector{Int32}:
 -1506395848
  1598300356
 -1144197487
  1899399477
  2140459128
 -2127462868
   730583777
  1474350650

z[:, 7]
8-element Vector{Int32}:
 -1593350411
  1653998050
 -1307008386
  1527637415
 -1937795868
  2135807200
  1248423219
  1088563538

********************************************
x[8]:
8-element Vector{Complex{Int16}}:
  111 + 47im
  117 + 5im
  -57 - 82im
 -104 + 102im
  105 + 108im
  -37 + 75im
   14 + 94im
 -107 + 71im

A[:, :, 8]:
4×4 Matrix{Int16}:
   26    12   52  -111
  -77  -100    4    34
  -37   -66  -60  -127
 -121   -24    1    99

B[:, :, 8]:
4×4 Matrix{Int16}:
  33    6   23  103
 -78  -56  -46   45
 -70   57   -5  115
  12   81  -70  -68

C[:, :, 8]:
4×4 Matrix{Int16}:
  60  -23   90  -100
  -2  -49  -80   -85
  85  -43   98  -126
 -16  123  107    14

D[:, :, 8]:
4×4 Matrix{Int16}:
   1  -38    38    28
 -26  -31  -123  -126
 117  -25   -68   118
  72   62    41    66

E[:, :, 8]:
4×4 Matrix{Int16}:
 -128  -16   -62  125
   -7   36   -57    5
 -110    0  -123   28
    5  -87    32   70

F[:, :, 8]:
4×4 Matrix{Int16}:
 109  -50  -107   74
  16   16  -120  -70
  42   77    -4  -29
 -80  -22   126  -22

x2[8]
8-element Vector{Int16}:
 14530
 13714
  9973
 21220
 22689
  6994
  9032
 16490

AC[:, :, 8]:
4×4 Matrix{Int16}:
  7732  -17075   -5401  -11726
 -4624   10681    5100   16172
 -5156   -8956  -17519   15092
 -8711   16093    1721   15400

BC[:, :, 8]:
4×4 Matrix{Int16}:
  2275  10627   15765  -5266
 -9198  12051   -2233  18986
 -6579  13177     955   4395
 -4304  -9599  -19536   -217

DF[:, :, 8]:
4×4 Matrix{Int16}:
 -1143    1652   7829   1016
  1584   -5895  -8882   6585
    57  -14082   5621   9784
  5282    -903  -6992  -1653

EF[:, :, 8]:
4×4 Matrix{Int16}:
 -26812  -1380  31614  -9304
  -2981  -3573  -2713  -1495
 -19396  -4587  15790  -5189
  -5103   -718  18597   3992

M[:, :, 8]:
8×8 Matrix{Int32}:
  7732  -17075   -5401  -11726   -1143    1652   7829   1016
 -4624   10681    5100   16172    1584   -5895  -8882   6585
 -5156   -8956  -17519   15092      57  -14082   5621   9784
 -8711   16093    1721   15400    5282    -903  -6992  -1653
  2275   10627   15765   -5266  -26812   -1380  31614  -9304
 -9198   12051   -2233   18986   -2981   -3573  -2713  -1495
 -6579   13177     955    4395  -19396   -4587  15790  -5189
 -4304   -9599  -19536    -217   -5103    -718  18597   3992

u[:, 8]
8-element Vector{Int32}:
 -351424554
  496398826
   62706786
  461198107
 -261600247
  270451848
 -227206029
 -280622549

y[:, 8]:
8-element Vector{Int32}:
  2135790698
  -448121162
 -1992802056
  1159470797
 -1290893523
  1406108818
  1132545133
  1112660766

z[:, 8]
8-element Vector{Int32}:
  1784366144
    48277664
 -1930095270
  1620668904
 -1552493770
  1676560666
   905339104
   832038217

********************************************
x[9]:
8-element Vector{Complex{Int16}}:
   51 - 107im
 -100 + 89im
  -25 - 55im
   25 - 22im
  -21 + 92im
  -31 - 60im
  -79 + 55im
  116 - 19im

A[:, :, 9]:
4×4 Matrix{Int16}:
  13    53   52  -97
  -4  -119  -75  -32
  93  -104   15  -85
 -96   -91  -82  102

B[:, :, 9]:
4×4 Matrix{Int16}:
  97  -122  -13    87
  54    74   -2  -106
  99    79  -17   -26
 -75   126  -86  -122

C[:, :, 9]:
4×4 Matrix{Int16}:
 -120  -61   127   -24
   21  -96    28  -117
  -51  -18  -108    67
   85  -78   -74   -33

D[:, :, 9]:
4×4 Matrix{Int16}:
 106   49    38   -6
 -34  105  -108  -19
  94   77    33   29
  -8  -32   -34  -69

E[:, :, 9]:
4×4 Matrix{Int16}:
  26   78  -100   -61
  41  -54   -71    46
 -82  102   -87  -103
 -47   55   -85   -61

F[:, :, 9]:
4×4 Matrix{Int16}:
   -9   70  -102    2
 -123  -73  -117   37
  -59  -55    44   84
   22  -38   106  -51

x2[9]
8-element Vector{Int16}:
 14050
 17921
  3650
  1109
  8905
  4561
  9266
 13817

AC[:, :, 9]:
4×4 Matrix{Int16}:
 -11344    749    4697    172
   -914  15514    6628  10050
 -21334  10671   13569  13746
  22461   8112  -13432   4091

BC[:, :, 9]:
4×4 Matrix{Int16}:
  -6144    -757   3869    8204
 -13834   -2094  16990   -6590
 -11564  -11289  18545  -11900
   5662    3543  12319  -14678

DF[:, :, 9]:
4×4 Matrix{Int16}:
  -9355   1981  -15509   5523
  -6655  -3383  -15583  -4286
 -11626  -1958  -14071   4330
   4496   6268   -4250   -537

EF[:, :, 9]:
4×4 Matrix{Int16}:
 -5270   3944  -22644   -2351
 11474   8969    3888  -10226
 -8941  -4487  -18316    1555
 -2669   -312  -11847   -2088

M[:, :, 9]:
8×8 Matrix{Int32}:
 -11344     749    4697     172   -9355   1981  -15509    5523
   -914   15514    6628   10050   -6655  -3383  -15583   -4286
 -21334   10671   13569   13746  -11626  -1958  -14071    4330
  22461    8112  -13432    4091    4496   6268   -4250    -537
  -6144    -757    3869    8204   -5270   3944  -22644   -2351
 -13834   -2094   16990   -6590   11474   8969    3888  -10226
 -11564  -11289   18545  -11900   -8941  -4487  -18316    1555
   5662    3543   12319  -14678   -2669   -312  -11847   -2088

u[:, 9]
8-element Vector{Int32}:
 -270291610
   22217966
 -226750789
  438287320
 -347913148
 -139371939
 -558607652
    7916976

y[:, 9]:
8-element Vector{Int32}:
  1121770101
   480819068
  1878155726
 -1091194737
 -2060845318
  1474195811
 -1482742697
 -2084485538

z[:, 9]
8-element Vector{Int32}:
 -1392061711
  -458601102
 -2104906515
  1529482057
  1712932170
 -1613567750
   924135045
  2092402514

********************************************
x[10]:
8-element Vector{Complex{Int16}}:
  11 - 113im
 -49 - 57im
 115 - 59im
   6 - 117im
 106 + 3im
 -98 + 90im
  46 + 44im
  -3 - 105im

A[:, :, 10]:
4×4 Matrix{Int16}:
 -125   99  -77   81
   85   68  -62   37
   66  -33  104  -59
   96  -76  -75  -19

B[:, :, 10]:
4×4 Matrix{Int16}:
 -27  -87   13   45
 -69    8   -6   45
 120   14  -61   10
  23   20   24  -54

C[:, :, 10]:
4×4 Matrix{Int16}:
  66   97   61    54
 -28  -20  -93  -111
 -94   33   -5    11
 123  108   79    81

D[:, :, 10]:
4×4 Matrix{Int16}:
  85   -99   -13   -27
 115    24  -104  -114
 -87  -117   -91   100
  56   -24    18   110

E[:, :, 10]:
4×4 Matrix{Int16}:
 -40   30  -116   76
  90   98   -32   31
   9  -88    41  -75
  76  118    16   50

F[:, :, 10]:
4×4 Matrix{Int16}:
 -99  -91   78  -128
  93   11   74    58
 101   38  114    61
 -64  110   10   -84

x2[10]
8-element Vector{Int16}:
 12890
  5650
 16706
 13725
 11245
 17704
  4052
 11034

AC[:, :, 10]:
4×4 Matrix{Int16}:
   6179  -7898  -10048  -12025
  14085   8835    2094    -643
 -11753   4122    1914    3592
  13177   6305   11798   11256

BC[:, :, 10]:
4×4 Matrix{Int16}:
  4967   4410   9934  11987
  1321  -2191  -1368  -1035
 14492  10427   7113   5065
 -7940  -3209  -4843  -5088

DF[:, :, 10]:
4×4 Matrix{Int16}:
 -17207  -12288   -2448  -15147
 -12361  -26693   -2250  -10096
 -17859   14172  -24818   -9601
 -12998    7424    5744  -16702

EF[:, :, 10]:
4×4 Matrix{Int16}:
 -9830   7922  -13364   -6600
 -5012  -4918   10934  -10392
  -134  -8479   -1886    2545
  1866    490   16984   -6108

M[:, :, 10]:
8×8 Matrix{Int32}:
   6179  -7898  -10048  -12025  -17207  -12288   -2448  -15147
  14085   8835    2094    -643  -12361  -26693   -2250  -10096
 -11753   4122    1914    3592  -17859   14172  -24818   -9601
  13177   6305   11798   11256  -12998    7424    5744  -16702
   4967   4410    9934   11987   -9830    7922  -13364   -6600
   1321  -2191   -1368   -1035   -5012   -4918   10934  -10392
  14492  10427    7113    5065    -134   -8479   -1886    2545
  -7940  -3209   -4843   -5088    1866     490   16984   -6108

u[:, 10]
8-element Vector{Int32}:
 -885972164
 -474457992
 -203354723
  381317574
  322157519
 -246199615
  302881745
 -240135782

y[:, 10]:
8-element Vector{Int32}:
  -546162962
    34732799
  1689550083
  -460518629
 -1114404306
 -1121174870
    70212650
  1632441169

z[:, 10]
8-element Vector{Int32}:
  -339809202
  -509190791
 -1892904806
   841836203
  1436561825
   874975255
   232669095
 -1872576951

********************************************
x[11]:
8-element Vector{Complex{Int16}}:
   -1 - 84im
 -126 - 53im
   68 - 74im
   28 + 0im
   44 + 106im
 -104 - 39im
  -59 - 119im
   55 + 51im

A[:, :, 11]:
4×4 Matrix{Int16}:
 -45   18  -29   116
  29  106   -4   100
 -85  -25  -22  -101
  47  -38    4  -121

B[:, :, 11]:
4×4 Matrix{Int16}:
   34  127  -94  -57
  -33  -35   59   81
 -107  109  -82   86
  -34   91  122  114

C[:, :, 11]:
4×4 Matrix{Int16}:
 -123  67   34   72
  -41  33  -18  -82
   74  17  104   33
  120  49   60   76

D[:, :, 11]:
4×4 Matrix{Int16}:
 109    72  -16  63
 -15    71  -39  35
 -81  -117   54  90
 -20   -45   76  90

E[:, :, 11]:
4×4 Matrix{Int16}:
  -22  107    19  -18
  125    3   -36   20
   39  -75  -118   18
 -112  -60    51   20

F[:, :, 11]:
4×4 Matrix{Int16}:
  -31  -35  -12    6
  -18  111  -18    4
 -123   -9  -47  -65
   73   28   21  -34

x2[11]
8-element Vector{Int16}:
  7057
 18685
 10100
   784
 13172
 12337
 17642
  5626

AC[:, :, 11]:
4×4 Matrix{Int16}:
  16571    2770    2090    3143
   3791   10273    4662     864
  -2268  -11843  -10788  -12472
 -18447   -3966   -4562   -2564

BC[:, :, 11]:
4×4 Matrix{Int16}:
 -23185  2078  -14326  -15400
  19580  1606   10504    8597
  12944  -752   -8968  -12812
  23159  8385   16734    2780

DF[:, :, 11]:
4×4 Matrix{Int16}:
  1892   6085  -529   -160
  6539   9737  1470   1539
  4545  -8118  2430  -7524
 -1348  -2459  -632  -8300

EF[:, :, 11]:
4×4 Matrix{Int16}:
 -4895  11972  -2933   -327
  1959  -3158    558   2422
 15969  -8124   6806   6992
  -261  -2639    447  -4907

M[:, :, 11]:
8×8 Matrix{Int32}:
  16571    2770    2090    3143   1892   6085   -529   -160
   3791   10273    4662     864   6539   9737   1470   1539
  -2268  -11843  -10788  -12472   4545  -8118   2430  -7524
 -18447   -3966   -4562   -2564  -1348  -2459   -632  -8300
 -23185    2078  -14326  -15400  -4895  11972  -2933   -327
  19580    1606   10504    8597   1959  -3158    558   2422
  12944    -752   -8968  -12812  15969  -8124   6806   6992
  23159    8385   16734    2780   -261  -2639    447  -4907

u[:, 11]
8-element Vector{Int32}:
  282031400
  507316899
 -395773569
 -358309648
 -251917379
  291328728
  246199604
  435583665

y[:, 11]:
8-element Vector{Int32}:
 -1389088294
 -1261547924
   250920041
 -2030312155
 -1326908371
   852969418
 -2112726025
  1036483409

z[:, 11]
8-element Vector{Int32}:
  1671119694
  1768864823
  -646693610
  1672002507
  1074990992
  -561640690
 -1936041667
  -600899744

********************************************
x[12]:
8-element Vector{Complex{Int16}}:
   57 + 114im
  -21 - 26im
 -116 + 31im
  -64 - 33im
 -110 - 65im
 -118 + 98im
   28 - 59im
   51 - 86im

A[:, :, 12]:
4×4 Matrix{Int16}:
 115  102    8   -84
 -97  -11  -36    22
  61   47  -54  -115
 -24   -5   35    13

B[:, :, 12]:
4×4 Matrix{Int16}:
 -90   20  126   12
 -13  107  121   -2
  98   97   68  126
 115   77   -6  -98

C[:, :, 12]:
4×4 Matrix{Int16}:
  115  -93    4    3
 -116    5  -57   53
 -121  -72   52   -4
   76   64  -71  -87

D[:, :, 12]:
4×4 Matrix{Int16}:
 -128  -70  -29   -99
  -33  102   -6  -116
   -1  -58   35    -7
  -83   48  -26   -31

E[:, :, 12]:
4×4 Matrix{Int16}:
  -59   95   -4   67
  -23  -25  -79  -28
  -69  -99    6  -29
 -122  -32  118  -17

F[:, :, 12]:
4×4 Matrix{Int16}:
  -30  -123  -22  113
   18  -102  -48    3
 -124   -47  -18  -68
  -66   109   71  -33

x2[12]
8-element Vector{Int16}:
 16245
  1117
 14417
  5185
 16325
 23528
  4265
  9997

AC[:, :, 12]:
4×4 Matrix{Int16}:
 -5959  -16137   1026  13027
 -3851   12966  -3195  -2644
  -643   -8910   2922  12895
 -5427     519   1086  -1608

BC[:, :, 12]:
4×4 Matrix{Int16}:
 -27004     166    4200   -758
 -28700   -7096     283   5322
   1366   -5461  -10547  -5799
  -2429  -16150    2717  12976

DF[:, :, 12]:
4×4 Matrix{Int16}:
 12710   13456    -331  -9435
 11226  -18707  -12298    813
 -4892    3631    1679  -2436
  8624    3156   -2211  -6444

EF[:, :, 12]:
4×4 Matrix{Int16}:
   -446   5058  1567   -8321
  11884   6040  1140    3622
   1458  15142  4103   -7545
 -10426  10871   889  -21345

M[:, :, 12]:
8×8 Matrix{Int32}:
  -5959  -16137    1026  13027   12710   13456    -331   -9435
  -3851   12966   -3195  -2644   11226  -18707  -12298     813
   -643   -8910    2922  12895   -4892    3631    1679   -2436
  -5427     519    1086  -1608    8624    3156   -2211   -6444
 -27004     166    4200   -758    -446    5058    1567   -8321
 -28700   -7096     283   5322   11884    6040    1140    3622
   1366   -5461  -10547  -5799    1458   15142    4103   -7545
  -2429  -16150    2717  12976  -10426   10871     889  -21345

u[:, 12]
8-element Vector{Int32}:
  395857961
 -409045183
   76965555
   60928075
 -346651496
  -65296497
  156101575
  -75073048

y[:, 12]:
8-element Vector{Int32}:
 -1514554141
   448287387
 -1973773152
 -1848294818
 -1216702910
  -289185098
  1512962951
 -2088261014

z[:, 12]
8-element Vector{Int32}:
  1910412102
  -857332570
  2050738707
  1909222893
   870051414
   223888601
 -1356861376
  2013187966

********************************************
x[13]:
8-element Vector{Complex{Int16}}:
  -3 - 70im
 -38 - 47im
 101 - 61im
   6 + 94im
  65 + 38im
 -71 - 62im
  88 + 63im
  33 + 11im

A[:, :, 13]:
4×4 Matrix{Int16}:
  60  107   63    97
 -51  -58  -34   -94
  51   99   33   -31
 -77  -29  -67  -101

B[:, :, 13]:
4×4 Matrix{Int16}:
 120  -37   64   29
 -67  -79  101  -91
 -88   62  -88  -60
  -6  126  109  -21

C[:, :, 13]:
4×4 Matrix{Int16}:
  -64  -64  109  110
 -118   74  112    2
   98  -94   46  -37
   92   54  -90   41

D[:, :, 13]:
4×4 Matrix{Int16}:
  103  -24  -29    49
 -100  -86    2   -37
   83    1    4     2
  -97   77  100  -122

E[:, :, 13]:
4×4 Matrix{Int16}:
  -46   27   -42   51
  112  -56  -106  -64
  -77   99     4   68
 -104   37    30  117

F[:, :, 13]:
4×4 Matrix{Int16}:
  -39  119  -42    77
 -119  -68  -36   -70
   84   59  -29   -88
  -46   72  -97  -113

x2[13]
8-element Vector{Int16}:
  4909
  3653
 13922
  8872
  5669
  8885
 11713
  1210

AC[:, :, 13]:
4×4 Matrix{Int16}:
  -1368   3394  12692    8460
  -1872  -2908  -5159   -8322
 -14564   -714  20955    3316
  -7508   3626  -5633  -10190

BC[:, :, 13]:
4×4 Matrix{Int16}:
   5626  -14868   9270   11947
  15136  -15966  -3315  -14996
 -15828   15252  -1296   -8760
  -5734   -1672  20362   -5302

DF[:, :, 13]:
4×4 Matrix{Int16}:
 -5851   15706  -7374   6626
 16004   -8598  10827   2325
 -3112   10189  -3832   5743
  8632  -19663  10236  -7873

EF[:, :, 13]:
4×4 Matrix{Int16}:
  -7293   -6116  -2769   -7499
  -3664    6274   6594   29104
 -11570  -10763  -7042  -20895
  -3209   -4698  -9183  -26459

M[:, :, 13]:
8×8 Matrix{Int32}:
  -1368    3394  12692    8460   -5851   15706  -7374    6626
  -1872   -2908  -5159   -8322   16004   -8598  10827    2325
 -14564    -714  20955    3316   -3112   10189  -3832    5743
  -7508    3626  -5633  -10190    8632  -19663  10236   -7873
   5626  -14868   9270   11947   -7293   -6116  -2769   -7499
  15136  -15966  -3315  -14996   -3664    6274   6594   29104
 -15828   15252  -1296   -8760  -11570  -10763  -7042  -20895
  -5734   -1672  20362   -5302   -3209   -4698  -9183  -26459

u[:, 13]
8-element Vector{Int32}:
  285462203
  -21505607
  282004295
 -207842309
   71164190
  -15792480
 -386731209
    2674978

y[:, 13]:
8-element Vector{Int32}:
   905711220
  2081988464
 -1155382283
   100182860
 -1106519291
  1478664459
  1886199531
 -1563990278

z[:, 13]
8-element Vector{Int32}:
  -620249017
 -2103494071
  1437386578
  -308025169
  1177683481
 -1494456939
  2022036556
  1566665256

********************************************
x[14]:
8-element Vector{Complex{Int16}}:
  -4 + 36im
 -82 + 16im
  76 + 94im
  59 + 40im
 -78 + 93im
  35 + 82im
 -15 + 121im
  71 + 89im

A[:, :, 14]:
4×4 Matrix{Int16}:
 106  -119   -88  106
  74   -49  -105    0
  29    55   -26   44
  65    93    65    4

B[:, :, 14]:
4×4 Matrix{Int16}:
  54    19   14   -64
  -3  -121  -52   -98
  36  -118  -42  -109
 113  -107   13    38

C[:, :, 14]:
4×4 Matrix{Int16}:
 -13  -73   -54  16
 -51  112  -115  48
 -73  108   -82  29
   5   36    46  24

D[:, :, 14]:
4×4 Matrix{Int16}:
  74   -10    17  115
 -73  -100    -3  -67
 -98   -85  -127  -56
 104    52    99   78

E[:, :, 14]:
4×4 Matrix{Int16}:
  29  -98   29    85
  52   87  -44   -53
 -89  -86  101   122
  83   95  -84  -118

F[:, :, 14]:
4×4 Matrix{Int16}:
 121    50   23   86
  -7  -117  -76  -38
  -9   -48  -16  -57
   4    25  -88   -6

x2[14]
8-element Vector{Int16}:
  1312
  6980
 14612
  5081
 14733
  7949
 14866
 12962

AC[:, :, 14]:
4×4 Matrix{Int16}:
  11645  -26754   20053  -4024
   9202  -22230   10249  -4213
  -1064    2819   -3735   3406
 -10313   12835  -19351   7485

BC[:, :, 14]:
4×4 Matrix{Int16}:
 -3013   -2606  -9193    646
  9516  -22477  13833  -9716
  8071  -24304  10056  -8922
  3229  -17461   6885  -2039

DF[:, :, 14]:
4×4 Matrix{Int16}:
   9331   6929   -7930   5085
  -8374   6519   11865  -1905
 -10344   9741   11166   2377
  11641  -3686  -10008    857

EF[:, :, 14]:
4×4 Matrix{Int16}:
   4274  13649    171    4055
   5867  -6792    -48    3992
 -10588   3814  -7863  -10875
   9662  -5883   6417    9024

M[:, :, 14]:
8×8 Matrix{Int32}:
  11645  -26754   20053  -4024    9331   6929   -7930    5085
   9202  -22230   10249  -4213   -8374   6519   11865   -1905
  -1064    2819   -3735   3406  -10344   9741   11166    2377
 -10313   12835  -19351   7485   11641  -3686  -10008     857
  -3013   -2606   -9193    646    4274  13649     171    4055
   9516  -22477   13833  -9716    5867  -6792     -48    3992
   8071  -24304   10056  -8922  -10588   3814   -7863  -10875
   3229  -17461    6885  -2039    9662  -5883    6417    9024

u[:, 14]
8-element Vector{Int32}:
  241680446
   65397628
  102848205
 -164131538
   73379013
   91835971
 -440975804
  280552618

y[:, 14]:
8-element Vector{Int32}:
   763059754
  2133732745
   546528115
    51388360
 -1296789976
 -1643492044
  -578414106
  -115235880

z[:, 14]
8-element Vector{Int32}:
  -521379308
 -2068335117
  -443679910
  -215519898
  1370168989
  1735328015
   137438302
   395788498

********************************************
x[15]:
8-element Vector{Complex{Int16}}:
  -97 + 94im
 -119 + 126im
 -101 - 70im
  -77 + 62im
 -122 + 74im
    5 + 118im
  113 - 109im
  102 + 21im

A[:, :, 15]:
4×4 Matrix{Int16}:
 -13  124    60   91
 -24  -36  -116   29
 -49  -70   115  -67
 -80  -41   112  -71

B[:, :, 15]:
4×4 Matrix{Int16}:
   35    9  119   79
 -128  -27   29   64
  -84  123   15   55
  110   80    6  -52

C[:, :, 15]:
4×4 Matrix{Int16}:
 86    -1  -44  -74
 60  -115   93  115
 -4   -75  102   59
  8  -109   39  -76

D[:, :, 15]:
4×4 Matrix{Int16}:
 122  -107  -108   -49
  94   -54    21  -119
 -33   -43   -77    42
 109   -13    97   -84

E[:, :, 15]:
4×4 Matrix{Int16}:
   72  -95  122    44
  -11   65  -53    80
 -123    2   20    33
  105  -21   94  -126

F[:, :, 15]:
4×4 Matrix{Int16}:
 126  25  -102   62
 -82  84    95   42
 124  43    75   66
  14   9    -3  127

x2[15]
8-element Vector{Int16}:
 18245
 30037
 15101
  9773
 20360
 13949
 24650
 10845

AC[:, :, 15]:
4×4 Matrix{Int16}:
   6810  -28666   21773   11846
  -3528    9703  -12993  -11412
  -9410    6777    4763    7453
 -10356    4134    8362   13209

BC[:, :, 15]:
4×4 Matrix{Int16}:
   3706  -18606  14516   -538
 -12232   -5918   8575   3214
    536  -21181  18810  17066
  13820   -4092   1184   5366

DF[:, :, 15]:
4×4 Matrix{Int16}:
 10068  -11023  -30562  -10281
 17210   -2354  -12786  -10167
 -9592   -7370   -6620   -3600
 25652    5048   -4826    1946

EF[:, :, 15]:
4×4 Matrix{Int16}:
  32606   -538  -7351  14114
 -12168   3626   3082   8710
 -12720  -1750  14137  -2031
  24844   3769  -5277  -4170

M[:, :, 15]:
8×8 Matrix{Int32}:
   6810  -28666   21773   11846   10068  -11023  -30562  -10281
  -3528    9703  -12993  -11412   17210   -2354  -12786  -10167
  -9410    6777    4763    7453   -9592   -7370   -6620   -3600
 -10356    4134    8362   13209   25652    5048   -4826    1946
   3706  -18606   14516    -538   32606    -538   -7351   14114
 -12232   -5918    8575    3214  -12168    3626    3082    8710
    536  -21181   18810   17066  -12720   -1750   14137   -2031
  13820   -4092    1184    5366   24844    3769   -5277   -4170

u[:, 15]
8-element Vector{Int32}:
 -1105853253
  -188532479
  -323682719
   685426599
   350913568
  -266760465
  -132537644
   582651919

y[:, 15]:
8-element Vector{Int32}:
   232707504
 -1121218153
   653984848
  -615527950
 -1577038023
    31470932
  1450159516
  1393685299

z[:, 15]
8-element Vector{Int32}:
 -1338560757
   932685674
  -977667567
  1300954549
  1927951591
  -298231397
 -1582697160
  -811033380

********************************************
x[16]:
8-element Vector{Complex{Int16}}:
 -116 + 40im
   90 - 92im
  116 + 62im
   72 - 118im
  -28 + 106im
  -92 + 40im
   12 + 68im
  -47 - 95im

A[:, :, 16]:
4×4 Matrix{Int16}:
 -105  -23  11   76
  -21    5  78   18
  -41  101  21  106
  -16   63  81   89

B[:, :, 16]:
4×4 Matrix{Int16}:
  -15  -40  -60   55
  127  -55  105   21
   69   67  108   70
 -101  -25  -70  -93

C[:, :, 16]:
4×4 Matrix{Int16}:
 -60    99  -100    25
 -59  -113   -83   -24
  66   -82    70  -116
 -91     5    79   -95

D[:, :, 16]:
4×4 Matrix{Int16}:
 -126  -121   87   112
   28    74   51   105
  122  -127  -59   104
  122   113  -51  -104

E[:, :, 16]:
4×4 Matrix{Int16}:
  -51   52  -110   73
 -101   16   -96  -69
   26   -3    62    3
  -89  -17   -32   61

F[:, :, 16]:
4×4 Matrix{Int16}:
   59  -126  -49   36
   67    37  -79   69
 -119   -70  -86  -39
  -72    44    0   38

x2[16]
8-element Vector{Int16}:
 15056
 16564
 17300
 19108
 12020
 10064
  4768
 11234

AC[:, :, 16]:
4×4 Matrix{Int16}:
   1467   -8318  19183  -10569
   4475   -8950   8567  -11403
 -11759  -16664   5561  -15955
  -5510  -14900   9072  -19763

BC[:, :, 16]:
4×4 Matrix{Int16}:
 -5705   8230  4965    2320
   644  10283   874   -9680
 -7335  -9246   629  -19061
 11378  -1899   -72   15030

DF[:, :, 16]:
4×4 Matrix{Int16}:
 31578   10237    8251  -12022
 -7019     260  -11604    8115
 -1778  -11365    9129    1882
 28326  -12197  -10519   10226

EF[:, :, 16]:
4×4 Matrix{Int16}:
  8309  19262   7851   8816
 11505  17002  11941  -1410
 -6261  -7595  -6369  -1575
 -6974  15509   8456   -811

M[:, :, 16]:
8×8 Matrix{Int32}:
   1467   -8318  19183  -10569  31578   10237    8251  -12022
   4475   -8950   8567  -11403  -7019     260  -11604    8115
 -11759  -16664   5561  -15955  -1778  -11365    9129    1882
  -5510  -14900   9072  -19763  28326  -12197  -10519   10226
  -5705    8230   4965    2320   8309   19262    7851    8816
    644   10283    874   -9680  11505   17002   11941   -1410
  -7335   -9246    629  -19061  -6261   -7595   -6369   -1575
  11378   -1899    -72   15030  -6974   15509    8456    -811

u[:, 16]
8-element Vector{Int32}:
  401099596
 -196467326
 -732808300
 -267995760
  610851760
  360671412
 -816676634
  529262302

y[:, 16]:
8-element Vector{Int32}:
  1219844744
  -142555508
  1176019550
   228966642
  -303657745
 -1383569796
 -2034265043
 -1808729893

z[:, 16]
8-element Vector{Int32}:
  -818745148
   -53911818
 -1908827850
  -496962402
   914509505
  1744241208
  1217588409
 -1956975101

********************************************
Input:
8×16 Matrix{Complex{Int16}}:
 -108-74im    36+31im   -83+27im   107+57im   107+43im    -77+110im   55-53im    111+47im     51-107im   11-113im    -1-84im     57+114im   -3-70im   -4+36im    -97+94im   -116+40im
  -36-77im   -37-61im    66-29im   -84+51im   -24+19im     50-53im    74-37im    117+5im    -100+89im   -49-57im   -126-53im    -21-26im   -38-47im  -82+16im   -119+126im    90-92im
  -36+3im     10-102im  -71-123im  101+9im     47-92im   -123-126im   22+52im    -57-82im    -25-55im   115-59im     68-74im   -116+31im   101-61im   76+94im   -101-70im    116+62im
  -21-26im   126+24im    11+44im   106-66im   127+114im    55-84im    86-109im  -104+102im    25-22im     6-117im    28+0im     -64-33im     6+94im   59+40im    -77+62im     72-118im
   90+71im   -61-50im   125+43im   -40-105im  -76-45im    -35+25im    70-33im    105+108im   -21+92im   106+3im      44+106im  -110-65im    65+38im  -78+93im   -122+74im    -28+106im
  114+126im  115-74im   -85+120im  -98-109im   73+97im     74+55im    11+52im    -37+75im    -31-60im   -98+90im   -104-39im   -118+98im   -71-62im   35+82im      5+118im   -92+40im
  108-111im  -11+66im   -81+117im   28+111im   93-111im    25+60im   107+10im     14+94im    -79+55im    46+44im    -59-119im    28-59im    88+63im  -15+121im   113-109im    12+68im
    8+3im    -42-48im   -44-49im    74-89im   -40+95im   -121+119im   80-1im    -107+71im    116-19im    -3-105im    55+51im     51-86im    33+11im   71+89im    102+21im    -47-95im

etype = Complex{Int16}
iscmplx = 1
btype = Int
nbits = 16
dwidth = 8
dcols = 4
ftype = dat
height = 8
width = 16
depth = 1

x.dat:

    -108       -74     -36       -77
     -36         3     -21       -26
      90        71     114       126
     108      -111       8         3
      36        31     -37       -61
      10      -102     126        24
     -61       -50     115       -74
     -11        66     -42       -48
     -83        27      66       -29
     -71      -123      11        44
     125        43     -85       120
     -81       117     -44       -49
     107        57     -84        51
     101         9     106       -66
     -40      -105     -98      -109
      28       111      74       -89
     107        43     -24        19
      47       -92     127       114
     -76       -45      73        97
      93      -111     -40        95
     -77       110      50       -53
    -123      -126      55       -84
     -35        25      74        55
      25        60    -121       119
      55       -53      74       -37
      22        52      86      -109
      70       -33      11        52
     107        10      80        -1
     111        47     117         5
     -57       -82    -104       102
     105       108     -37        75
      14        94    -107        71
      51      -107    -100        89
     -25       -55      25       -22
     -21        92     -31       -60
     -79        55     116       -19
      11      -113     -49       -57
     115       -59       6      -117
     106         3     -98        90
      46        44      -3      -105
      -1       -84    -126       -53
      68       -74      28         0
      44       106    -104       -39
     -59      -119      55        51
      57       114     -21       -26
    -116        31     -64       -33
    -110       -65    -118        98
      28       -59      51       -86
      -3       -70     -38       -47
     101       -61       6        94
      65        38     -71       -62
      88        63      33        11
      -4        36     -82        16
      76        94      59        40
     -78        93      35        82
     -15       121      71        89
     -97        94    -119       126
    -101       -70     -77        62
    -122        74       5       118
     113      -109     102        21
    -116        40      90       -92
     116        62      72      -118
     -28       106     -92        40
      12        68     -47       -95

****************************************************

Input:
8×16 Matrix{Int32}:
  1761372074    373619890   1345888684  -1120667845   1797486968  -1943295451  -1506395848   2135790698   1121770101   -546162962  -1389088294  -1514554141    905711220    763059754    232707504   1219844744
   112975980  -1252713121   1419621141   -994370415  -1805591656    655087895   1598300356   -448121162    480819068     34732799  -1261547924    448287387   2081988464   2133732745  -1121218153   -142555508
  -701059576   1131382619    181124936   -727124466   1019996664   1463931405  -1144197487  -1992802056   1878155726   1689550083    250920041  -1973773152  -1155382283    546528115    653984848   1176019550
  1913033498   -643388511  -1437658247   1897358922    311206044   1747315697   1899399477   1159470797  -1091194737   -460518629  -2030312155  -1848294818    100182860     51388360   -615527950    228966642
 -1607473849  -1458028711   1097594471   1499841697  -1318746416  -1733293845   2140459128  -1290893523  -2060845318  -1114404306  -1326908371  -1216702910  -1106519291  -1296789976  -1577038023   -303657745
 -1757112662   -145780451   -120349969   -441357885  -1781145794   1203207683  -2127462868   1406108818   1474195811  -1121174870    852969418   -289185098   1478664459  -1643492044     31470932  -1383569796
  1944704596    436760636      9568508    631854168    261158468  -1978104485    730583777   1132545133  -1482742697     70212650  -2112726025   1512962951   1886199531   -578414106   1450159516  -2034265043
  1867469809   -544819267   1445063845  -1180449078   1606443357   -342918714   1474350650   1112660766  -2084485538   1632441169   1036483409  -2088261014  -1563990278   -115235880   1393685299  -1808729893

etype = Int32
iscmplx = 0
btype = Int
nbits = 32
dwidth = 14
dcols = 2
ftype = dat
height = 8
width = 16
depth = 1

y.dat:

    1761372074     112975980
    -701059576    1913033498
   -1607473849   -1757112662
    1944704596    1867469809
     373619890   -1252713121
    1131382619    -643388511
   -1458028711    -145780451
     436760636    -544819267
    1345888684    1419621141
     181124936   -1437658247
    1097594471    -120349969
       9568508    1445063845
   -1120667845    -994370415
    -727124466    1897358922
    1499841697    -441357885
     631854168   -1180449078
    1797486968   -1805591656
    1019996664     311206044
   -1318746416   -1781145794
     261158468    1606443357
   -1943295451     655087895
    1463931405    1747315697
   -1733293845    1203207683
   -1978104485    -342918714
   -1506395848    1598300356
   -1144197487    1899399477
    2140459128   -2127462868
     730583777    1474350650
    2135790698    -448121162
   -1992802056    1159470797
   -1290893523    1406108818
    1132545133    1112660766
    1121770101     480819068
    1878155726   -1091194737
   -2060845318    1474195811
   -1482742697   -2084485538
    -546162962      34732799
    1689550083    -460518629
   -1114404306   -1121174870
      70212650    1632441169
   -1389088294   -1261547924
     250920041   -2030312155
   -1326908371     852969418
   -2112726025    1036483409
   -1514554141     448287387
   -1973773152   -1848294818
   -1216702910    -289185098
    1512962951   -2088261014
     905711220    2081988464
   -1155382283     100182860
   -1106519291    1478664459
    1886199531   -1563990278
     763059754    2133732745
     546528115      51388360
   -1296789976   -1643492044
    -578414106    -115235880
     232707504   -1121218153
     653984848    -615527950
   -1577038023      31470932
    1450159516    1393685299
    1219844744    -142555508
    1176019550     228966642
    -303657745   -1383569796
   -2034265043   -1808729893

****************************************************

Input:
4×4×16 Array{Int16, 3}:
[:, :, 1] =
  72  -82  -124  -36
 -49  -66    88    0
 114  -46   -65   19
  36  127   -83  121

[:, :, 2] =
  74   96   71  -26
  14   63  103    0
 -85   41   10  -72
  46  -16   54  126

[:, :, 3] =
    3  -115  -117   27
 -119   -27    -1    1
   48    84   -11  113
  -86   104  -125   78

[:, :, 4] =
  -9  -28  -57  -25
 -69   -1  110  -59
  -6   21   75   68
 -62    2   84  -62

[:, :, 5] =
 53    33  126  -30
 10    97   83   45
 14  -121  106   36
 86  -103   48   14

[:, :, 6] =
 -64   93   -41  -15
  87   18  -123   18
  64  107    25  102
 -33   55     0  -41

[:, :, 7] =
 -49   26  -116   18
 -52  -65   123   15
 -42   86   -72  -38
  -5  115    78  -60

[:, :, 8] =
   26    12   52  -111
  -77  -100    4    34
  -37   -66  -60  -127
 -121   -24    1    99

[:, :, 9] =
  13    53   52  -97
  -4  -119  -75  -32
  93  -104   15  -85
 -96   -91  -82  102

[:, :, 10] =
 -125   99  -77   81
   85   68  -62   37
   66  -33  104  -59
   96  -76  -75  -19

[:, :, 11] =
 -45   18  -29   116
  29  106   -4   100
 -85  -25  -22  -101
  47  -38    4  -121

[:, :, 12] =
 115  102    8   -84
 -97  -11  -36    22
  61   47  -54  -115
 -24   -5   35    13

[:, :, 13] =
  60  107   63    97
 -51  -58  -34   -94
  51   99   33   -31
 -77  -29  -67  -101

[:, :, 14] =
 106  -119   -88  106
  74   -49  -105    0
  29    55   -26   44
  65    93    65    4

[:, :, 15] =
 -13  124    60   91
 -24  -36  -116   29
 -49  -70   115  -67
 -80  -41   112  -71

[:, :, 16] =
 -105  -23  11   76
  -21    5  78   18
  -41  101  21  106
  -16   63  81   89

etype = Int16
iscmplx = 0
btype = Int
nbits = 16
dwidth = 8
dcols = 4
ftype = dat
height = 4
width = 4
depth = 16

A.dat:

      72     -82    -124     -36
     -49     -66      88       0
     114     -46     -65      19
      36     127     -83     121
      74      96      71     -26
      14      63     103       0
     -85      41      10     -72
      46     -16      54     126
       3    -115    -117      27
    -119     -27      -1       1
      48      84     -11     113
     -86     104    -125      78
      -9     -28     -57     -25
     -69      -1     110     -59
      -6      21      75      68
     -62       2      84     -62
      53      33     126     -30
      10      97      83      45
      14    -121     106      36
      86    -103      48      14
     -64      93     -41     -15
      87      18    -123      18
      64     107      25     102
     -33      55       0     -41
     -49      26    -116      18
     -52     -65     123      15
     -42      86     -72     -38
      -5     115      78     -60
      26      12      52    -111
     -77    -100       4      34
     -37     -66     -60    -127
    -121     -24       1      99
      13      53      52     -97
      -4    -119     -75     -32
      93    -104      15     -85
     -96     -91     -82     102
    -125      99     -77      81
      85      68     -62      37
      66     -33     104     -59
      96     -76     -75     -19
     -45      18     -29     116
      29     106      -4     100
     -85     -25     -22    -101
      47     -38       4    -121
     115     102       8     -84
     -97     -11     -36      22
      61      47     -54    -115
     -24      -5      35      13
      60     107      63      97
     -51     -58     -34     -94
      51      99      33     -31
     -77     -29     -67    -101
     106    -119     -88     106
      74     -49    -105       0
      29      55     -26      44
      65      93      65       4
     -13     124      60      91
     -24     -36    -116      29
     -49     -70     115     -67
     -80     -41     112     -71
    -105     -23      11      76
     -21       5      78      18
     -41     101      21     106
     -16      63      81      89

****************************************************

Input:
4×4×16 Array{Int16, 3}:
[:, :, 1] =
  -62  -82     5  -13
  116  -83  -122  119
 -125    5    69   97
  -65  -22   -54  -98

[:, :, 2] =
   68  123  21  -118
 -107   -2  11   -81
  -38   54  19   123
   30   95  47   -22

[:, :, 3] =
   27  -26   84   -57
 -126   21   12    75
  -84   27  -11  -115
   98  -64   16   127

[:, :, 4] =
   77   71  -66  109
  -41   50  -38   60
 -119   49  -10  125
  -83  103   28  -82

[:, :, 5] =
   89  -113   -91  88
 -107    46     3  97
   23  -123  -101  51
  -58   -73   110  -5

[:, :, 6] =
 -53  -33  -46  116
 118   98   44   40
 -39  -84  -73  -89
  29   35  100    7

[:, :, 7] =
 122  -115  -86  -33
 -18    32  -97  -85
   2  -101   20   43
 -31   122   85  -60

[:, :, 8] =
  33    6   23  103
 -78  -56  -46   45
 -70   57   -5  115
  12   81  -70  -68

[:, :, 9] =
  97  -122  -13    87
  54    74   -2  -106
  99    79  -17   -26
 -75   126  -86  -122

[:, :, 10] =
 -27  -87   13   45
 -69    8   -6   45
 120   14  -61   10
  23   20   24  -54

[:, :, 11] =
   34  127  -94  -57
  -33  -35   59   81
 -107  109  -82   86
  -34   91  122  114

[:, :, 12] =
 -90   20  126   12
 -13  107  121   -2
  98   97   68  126
 115   77   -6  -98

[:, :, 13] =
 120  -37   64   29
 -67  -79  101  -91
 -88   62  -88  -60
  -6  126  109  -21

[:, :, 14] =
  54    19   14   -64
  -3  -121  -52   -98
  36  -118  -42  -109
 113  -107   13    38

[:, :, 15] =
   35    9  119   79
 -128  -27   29   64
  -84  123   15   55
  110   80    6  -52

[:, :, 16] =
  -15  -40  -60   55
  127  -55  105   21
   69   67  108   70
 -101  -25  -70  -93

etype = Int16
iscmplx = 0
btype = Int
nbits = 16
dwidth = 8
dcols = 4
ftype = dat
height = 4
width = 4
depth = 16

B.dat:

     -62     -82       5     -13
     116     -83    -122     119
    -125       5      69      97
     -65     -22     -54     -98
      68     123      21    -118
    -107      -2      11     -81
     -38      54      19     123
      30      95      47     -22
      27     -26      84     -57
    -126      21      12      75
     -84      27     -11    -115
      98     -64      16     127
      77      71     -66     109
     -41      50     -38      60
    -119      49     -10     125
     -83     103      28     -82
      89    -113     -91      88
    -107      46       3      97
      23    -123    -101      51
     -58     -73     110      -5
     -53     -33     -46     116
     118      98      44      40
     -39     -84     -73     -89
      29      35     100       7
     122    -115     -86     -33
     -18      32     -97     -85
       2    -101      20      43
     -31     122      85     -60
      33       6      23     103
     -78     -56     -46      45
     -70      57      -5     115
      12      81     -70     -68
      97    -122     -13      87
      54      74      -2    -106
      99      79     -17     -26
     -75     126     -86    -122
     -27     -87      13      45
     -69       8      -6      45
     120      14     -61      10
      23      20      24     -54
      34     127     -94     -57
     -33     -35      59      81
    -107     109     -82      86
     -34      91     122     114
     -90      20     126      12
     -13     107     121      -2
      98      97      68     126
     115      77      -6     -98
     120     -37      64      29
     -67     -79     101     -91
     -88      62     -88     -60
      -6     126     109     -21
      54      19      14     -64
      -3    -121     -52     -98
      36    -118     -42    -109
     113    -107      13      38
      35       9     119      79
    -128     -27      29      64
     -84     123      15      55
     110      80       6     -52
     -15     -40     -60      55
     127     -55     105      21
      69      67     108      70
    -101     -25     -70     -93

****************************************************

Input:
4×4×16 Array{Int16, 3}:
[:, :, 1] =
   44   100  -119  102
   55  -121   -70  -84
 -100     6  -105    2
    7   126    85   81

[:, :, 2] =
   85   86  -15   13
 -117  -22   86  103
   29   20  -15  -12
  -57   34  110  -16

[:, :, 3] =
  29  121   122   75
 104  107   -26   -1
 -39   39    30  -12
 121   26  -120  124

[:, :, 4] =
  50   -81    37  -74
  13  -126  -114   -9
 127   -94   121   72
  74   -47   -96   27

[:, :, 5] =
  -5  -123   -82    51
  27   -31    32  -106
  32    38  -127     1
 -41   124   116  -121

[:, :, 6] =
 -40   -96    88   118
 116   -67    68  -118
  -8  -110   -68    49
 111   -60  -117   -34

[:, :, 7] =
  -15   30  119  -112
 -127   88  -93  -127
  -19   80  124  -109
  104  108  -22    15

[:, :, 8] =
  60  -23   90  -100
  -2  -49  -80   -85
  85  -43   98  -126
 -16  123  107    14

[:, :, 9] =
 -120  -61   127   -24
   21  -96    28  -117
  -51  -18  -108    67
   85  -78   -74   -33

[:, :, 10] =
  66   97   61    54
 -28  -20  -93  -111
 -94   33   -5    11
 123  108   79    81

[:, :, 11] =
 -123  67   34   72
  -41  33  -18  -82
   74  17  104   33
  120  49   60   76

[:, :, 12] =
  115  -93    4    3
 -116    5  -57   53
 -121  -72   52   -4
   76   64  -71  -87

[:, :, 13] =
  -64  -64  109  110
 -118   74  112    2
   98  -94   46  -37
   92   54  -90   41

[:, :, 14] =
 -13  -73   -54  16
 -51  112  -115  48
 -73  108   -82  29
   5   36    46  24

[:, :, 15] =
 86    -1  -44  -74
 60  -115   93  115
 -4   -75  102   59
  8  -109   39  -76

[:, :, 16] =
 -60    99  -100    25
 -59  -113   -83   -24
  66   -82    70  -116
 -91     5    79   -95

etype = Int16
iscmplx = 0
btype = Int
nbits = 16
dwidth = 8
dcols = 4
ftype = dat
height = 4
width = 4
depth = 16

C.dat:

      44     100    -119     102
      55    -121     -70     -84
    -100       6    -105       2
       7     126      85      81
      85      86     -15      13
    -117     -22      86     103
      29      20     -15     -12
     -57      34     110     -16
      29     121     122      75
     104     107     -26      -1
     -39      39      30     -12
     121      26    -120     124
      50     -81      37     -74
      13    -126    -114      -9
     127     -94     121      72
      74     -47     -96      27
      -5    -123     -82      51
      27     -31      32    -106
      32      38    -127       1
     -41     124     116    -121
     -40     -96      88     118
     116     -67      68    -118
      -8    -110     -68      49
     111     -60    -117     -34
     -15      30     119    -112
    -127      88     -93    -127
     -19      80     124    -109
     104     108     -22      15
      60     -23      90    -100
      -2     -49     -80     -85
      85     -43      98    -126
     -16     123     107      14
    -120     -61     127     -24
      21     -96      28    -117
     -51     -18    -108      67
      85     -78     -74     -33
      66      97      61      54
     -28     -20     -93    -111
     -94      33      -5      11
     123     108      79      81
    -123      67      34      72
     -41      33     -18     -82
      74      17     104      33
     120      49      60      76
     115     -93       4       3
    -116       5     -57      53
    -121     -72      52      -4
      76      64     -71     -87
     -64     -64     109     110
    -118      74     112       2
      98     -94      46     -37
      92      54     -90      41
     -13     -73     -54      16
     -51     112    -115      48
     -73     108     -82      29
       5      36      46      24
      86      -1     -44     -74
      60    -115      93     115
      -4     -75     102      59
       8    -109      39     -76
     -60      99    -100      25
     -59    -113     -83     -24
      66     -82      70    -116
     -91       5      79     -95

****************************************************

Input:
4×4×16 Array{Int16, 3}:
[:, :, 1] =
    8    98  -73   34
    3  -102   -7   26
 -100    -7  -62  -14
   75   -25  107   82

[:, :, 2] =
 -113   29  -101   10
  -98   34   -69  -64
  -83   52  -104    3
   53  -87  -124  -88

[:, :, 3] =
 -76  -120   -25  -31
  75     6    27  -62
 118   -86  -123   30
  35   -61    -7   26

[:, :, 4] =
  -61    50  -64  -62
 -120  -105   39   85
   94    35   41  -60
   54    10  -17  -21

[:, :, 5] =
  -31   100   68   88
  126   -23  -86  -75
    1  -111  104   23
 -113  -107  -56  -20

[:, :, 6] =
  42  -88  -80  114
 -60   66  -60   40
  85   91  127  -14
 -64   10  -96   65

[:, :, 7] =
  -46    87   81  -54
 -123    77  -54  -16
   63    87  -55   44
  126  -124   60    9

[:, :, 8] =
   1  -38    38    28
 -26  -31  -123  -126
 117  -25   -68   118
  72   62    41    66

[:, :, 9] =
 106   49    38   -6
 -34  105  -108  -19
  94   77    33   29
  -8  -32   -34  -69

[:, :, 10] =
  85   -99   -13   -27
 115    24  -104  -114
 -87  -117   -91   100
  56   -24    18   110

[:, :, 11] =
 109    72  -16  63
 -15    71  -39  35
 -81  -117   54  90
 -20   -45   76  90

[:, :, 12] =
 -128  -70  -29   -99
  -33  102   -6  -116
   -1  -58   35    -7
  -83   48  -26   -31

[:, :, 13] =
  103  -24  -29    49
 -100  -86    2   -37
   83    1    4     2
  -97   77  100  -122

[:, :, 14] =
  74   -10    17  115
 -73  -100    -3  -67
 -98   -85  -127  -56
 104    52    99   78

[:, :, 15] =
 122  -107  -108   -49
  94   -54    21  -119
 -33   -43   -77    42
 109   -13    97   -84

[:, :, 16] =
 -126  -121   87   112
   28    74   51   105
  122  -127  -59   104
  122   113  -51  -104

etype = Int16
iscmplx = 0
btype = Int
nbits = 16
dwidth = 8
dcols = 4
ftype = dat
height = 4
width = 4
depth = 16

D.dat:

       8      98     -73      34
       3    -102      -7      26
    -100      -7     -62     -14
      75     -25     107      82
    -113      29    -101      10
     -98      34     -69     -64
     -83      52    -104       3
      53     -87    -124     -88
     -76    -120     -25     -31
      75       6      27     -62
     118     -86    -123      30
      35     -61      -7      26
     -61      50     -64     -62
    -120    -105      39      85
      94      35      41     -60
      54      10     -17     -21
     -31     100      68      88
     126     -23     -86     -75
       1    -111     104      23
    -113    -107     -56     -20
      42     -88     -80     114
     -60      66     -60      40
      85      91     127     -14
     -64      10     -96      65
     -46      87      81     -54
    -123      77     -54     -16
      63      87     -55      44
     126    -124      60       9
       1     -38      38      28
     -26     -31    -123    -126
     117     -25     -68     118
      72      62      41      66
     106      49      38      -6
     -34     105    -108     -19
      94      77      33      29
      -8     -32     -34     -69
      85     -99     -13     -27
     115      24    -104    -114
     -87    -117     -91     100
      56     -24      18     110
     109      72     -16      63
     -15      71     -39      35
     -81    -117      54      90
     -20     -45      76      90
    -128     -70     -29     -99
     -33     102      -6    -116
      -1     -58      35      -7
     -83      48     -26     -31
     103     -24     -29      49
    -100     -86       2     -37
      83       1       4       2
     -97      77     100    -122
      74     -10      17     115
     -73    -100      -3     -67
     -98     -85    -127     -56
     104      52      99      78
     122    -107    -108     -49
      94     -54      21    -119
     -33     -43     -77      42
     109     -13      97     -84
    -126    -121      87     112
      28      74      51     105
     122    -127     -59     104
     122     113     -51    -104

****************************************************

Input:
4×4×16 Array{Int16, 3}:
[:, :, 1] =
 -24    78  -109  63
 -11   -82    -6  53
  69  -122    18  -7
  76  -101   106  -7

[:, :, 2] =
 -56    28   56     5
 -23   -85   90    -7
 -89  -106  -28  -121
 -50   -44   83    21

[:, :, 3] =
 -33   22   -19  -29
  15   81   -60  -93
 104  -28    83  -99
 121  114  -110  -69

[:, :, 4] =
  -61    -5    15   -75
 -116    60   101  -112
 -111    43  -100   -58
   83  -126   -16    64

[:, :, 5] =
   99   80   77   38
  -95   67  108   39
 -103  -88  -32  110
   54   90  110   61

[:, :, 6] =
 -108  -108  103   53
   74     0    7  102
  100    42  -91  -56
  -46   -20   44   43

[:, :, 7] =
  -6    82  -116  -16
  -6   -98    95   88
 -63   -55   -71  103
  78  -109    53   10

[:, :, 8] =
 -128  -16   -62  125
   -7   36   -57    5
 -110    0  -123   28
    5  -87    32   70

[:, :, 9] =
  26   78  -100   -61
  41  -54   -71    46
 -82  102   -87  -103
 -47   55   -85   -61

[:, :, 10] =
 -40   30  -116   76
  90   98   -32   31
   9  -88    41  -75
  76  118    16   50

[:, :, 11] =
  -22  107    19  -18
  125    3   -36   20
   39  -75  -118   18
 -112  -60    51   20

[:, :, 12] =
  -59   95   -4   67
  -23  -25  -79  -28
  -69  -99    6  -29
 -122  -32  118  -17

[:, :, 13] =
  -46   27   -42   51
  112  -56  -106  -64
  -77   99     4   68
 -104   37    30  117

[:, :, 14] =
  29  -98   29    85
  52   87  -44   -53
 -89  -86  101   122
  83   95  -84  -118

[:, :, 15] =
   72  -95  122    44
  -11   65  -53    80
 -123    2   20    33
  105  -21   94  -126

[:, :, 16] =
  -51   52  -110   73
 -101   16   -96  -69
   26   -3    62    3
  -89  -17   -32   61

etype = Int16
iscmplx = 0
btype = Int
nbits = 16
dwidth = 8
dcols = 4
ftype = dat
height = 4
width = 4
depth = 16

E.dat:

     -24      78    -109      63
     -11     -82      -6      53
      69    -122      18      -7
      76    -101     106      -7
     -56      28      56       5
     -23     -85      90      -7
     -89    -106     -28    -121
     -50     -44      83      21
     -33      22     -19     -29
      15      81     -60     -93
     104     -28      83     -99
     121     114    -110     -69
     -61      -5      15     -75
    -116      60     101    -112
    -111      43    -100     -58
      83    -126     -16      64
      99      80      77      38
     -95      67     108      39
    -103     -88     -32     110
      54      90     110      61
    -108    -108     103      53
      74       0       7     102
     100      42     -91     -56
     -46     -20      44      43
      -6      82    -116     -16
      -6     -98      95      88
     -63     -55     -71     103
      78    -109      53      10
    -128     -16     -62     125
      -7      36     -57       5
    -110       0    -123      28
       5     -87      32      70
      26      78    -100     -61
      41     -54     -71      46
     -82     102     -87    -103
     -47      55     -85     -61
     -40      30    -116      76
      90      98     -32      31
       9     -88      41     -75
      76     118      16      50
     -22     107      19     -18
     125       3     -36      20
      39     -75    -118      18
    -112     -60      51      20
     -59      95      -4      67
     -23     -25     -79     -28
     -69     -99       6     -29
    -122     -32     118     -17
     -46      27     -42      51
     112     -56    -106     -64
     -77      99       4      68
    -104      37      30     117
      29     -98      29      85
      52      87     -44     -53
     -89     -86     101     122
      83      95     -84    -118
      72     -95     122      44
     -11      65     -53      80
    -123       2      20      33
     105     -21      94    -126
     -51      52    -110      73
    -101      16     -96     -69
      26      -3      62       3
     -89     -17     -32      61

****************************************************

Input:
4×4×16 Array{Int16, 3}:
[:, :, 1] =
  -78    79   26   -54
 -108  -124   21   -54
   82    50  -49  -116
 -102   -96  -79   -66

[:, :, 2] =
  75    -2   121  121
  95   107    98   77
 122  -100  -125   93
  80   -57    87  -84

[:, :, 3] =
  -11  -50   35   -73
   89  -91  -27  -127
 -128  -75   62   -20
  -38  -49   86  -106

[:, :, 4] =
   69     1  -61  -38
 -112  -114   21  -59
  -80   -41   25  -12
  -62    97  -33    3

[:, :, 5] =
 -107  -34  -111   97
    7  -79    94  -30
  -31    7    95  -24
  102   22    53  119

[:, :, 6] =
 -56   -77  -18  -53
 -66  -106  -84  -33
  -9   116  -87  -41
 -20     7   30  -13

[:, :, 7] =
   31  -68   48   -33
 -115   72  -66   -32
   74  -96  -72  -108
 -125  -66  103    11

[:, :, 8] =
 109  -50  -107   74
  16   16  -120  -70
  42   77    -4  -29
 -80  -22   126  -22

[:, :, 9] =
   -9   70  -102    2
 -123  -73  -117   37
  -59  -55    44   84
   22  -38   106  -51

[:, :, 10] =
 -99  -91   78  -128
  93   11   74    58
 101   38  114    61
 -64  110   10   -84

[:, :, 11] =
  -31  -35  -12    6
  -18  111  -18    4
 -123   -9  -47  -65
   73   28   21  -34

[:, :, 12] =
  -30  -123  -22  113
   18  -102  -48    3
 -124   -47  -18  -68
  -66   109   71  -33

[:, :, 13] =
  -39  119  -42    77
 -119  -68  -36   -70
   84   59  -29   -88
  -46   72  -97  -113

[:, :, 14] =
 121    50   23   86
  -7  -117  -76  -38
  -9   -48  -16  -57
   4    25  -88   -6

[:, :, 15] =
 126  25  -102   62
 -82  84    95   42
 124  43    75   66
  14   9    -3  127

[:, :, 16] =
   59  -126  -49   36
   67    37  -79   69
 -119   -70  -86  -39
  -72    44    0   38

etype = Int16
iscmplx = 0
btype = Int
nbits = 16
dwidth = 8
dcols = 4
ftype = dat
height = 4
width = 4
depth = 16

F.dat:

     -78      79      26     -54
    -108    -124      21     -54
      82      50     -49    -116
    -102     -96     -79     -66
      75      -2     121     121
      95     107      98      77
     122    -100    -125      93
      80     -57      87     -84
     -11     -50      35     -73
      89     -91     -27    -127
    -128     -75      62     -20
     -38     -49      86    -106
      69       1     -61     -38
    -112    -114      21     -59
     -80     -41      25     -12
     -62      97     -33       3
    -107     -34    -111      97
       7     -79      94     -30
     -31       7      95     -24
     102      22      53     119
     -56     -77     -18     -53
     -66    -106     -84     -33
      -9     116     -87     -41
     -20       7      30     -13
      31     -68      48     -33
    -115      72     -66     -32
      74     -96     -72    -108
    -125     -66     103      11
     109     -50    -107      74
      16      16    -120     -70
      42      77      -4     -29
     -80     -22     126     -22
      -9      70    -102       2
    -123     -73    -117      37
     -59     -55      44      84
      22     -38     106     -51
     -99     -91      78    -128
      93      11      74      58
     101      38     114      61
     -64     110      10     -84
     -31     -35     -12       6
     -18     111     -18       4
    -123      -9     -47     -65
      73      28      21     -34
     -30    -123     -22     113
      18    -102     -48       3
    -124     -47     -18     -68
     -66     109      71     -33
     -39     119     -42      77
    -119     -68     -36     -70
      84      59     -29     -88
     -46      72     -97    -113
     121      50      23      86
      -7    -117     -76     -38
      -9     -48     -16     -57
       4      25     -88      -6
     126      25    -102      62
     -82      84      95      42
     124      43      75      66
      14       9      -3     127
      59    -126     -49      36
      67      37     -79      69
    -119     -70     -86     -39
     -72      44       0      38

****************************************************

Input:
8×16 Matrix{Int32}:
  1325826935    656967906   1504128987  -1378644162  -2029842005  -1611636611  -1593350411   1784366144  -1392061711   -339809202   1671119694   1910412102   -620249017   -521379308  -1338560757   -818745148
   190390214  -1029670644    863138964    -53899318   1321474734   1197303994   1653998050     48277664   -458601102   -509190791   1768864823   -857332570  -2103494071  -2068335117    932685674    -53911818
  -546125508   1280163607    629346050   -834843892   1312609335   1145087949  -1307008386  -1930095270  -2104906515  -1892904806   -646693610   2050738707   1437386578   -443679910   -977667567  -1908827850
 -2142892676   -546825959  -1728742568  -2132268801    597339314   2067175723   1527637415   1620668904   1529482057    841836203   1672002507   1909222893   -308025169   -215519898   1300954549   -496962402
  1662533066  -1315845253   1333557040   1011747593  -1129144778  -1686045058  -1937795868  -1552493770   1712932170   1436561825   1074990992    870051414   1177683481   1370168989   1927951591    914509505
 -1665898296   -732113174   -550021471  -1137336806  -1608618669   1384134720   2135807200   1676560666  -1613567750    874975255   -561640690    223888601  -1494456939   1735328015   -298231397   1744241208
 -1790833916    256801376   -366036573    567715795   1073862146   2095125163   1248423219    905339104    924135045    232669095  -1936041667  -1356861376   2022036556    137438302  -1582697160   1217588409
 -1760587494   -681089290   1646575443   -662661482   1972088590   -302350796   1088563538    832038217   2092402514  -1872576951   -600899744   2013187966   1566665256    395788498   -811033380  -1956975101

etype = Int32
iscmplx = 0
btype = Int
nbits = 32
dwidth = 14
dcols = 2
ftype = dat
height = 8
width = 16
depth = 1

z.dat:

    1325826935     190390214
    -546125508   -2142892676
    1662533066   -1665898296
   -1790833916   -1760587494
     656967906   -1029670644
    1280163607    -546825959
   -1315845253    -732113174
     256801376    -681089290
    1504128987     863138964
     629346050   -1728742568
    1333557040    -550021471
    -366036573    1646575443
   -1378644162     -53899318
    -834843892   -2132268801
    1011747593   -1137336806
     567715795    -662661482
   -2029842005    1321474734
    1312609335     597339314
   -1129144778   -1608618669
    1073862146    1972088590
   -1611636611    1197303994
    1145087949    2067175723
   -1686045058    1384134720
    2095125163    -302350796
   -1593350411    1653998050
   -1307008386    1527637415
   -1937795868    2135807200
    1248423219    1088563538
    1784366144      48277664
   -1930095270    1620668904
   -1552493770    1676560666
     905339104     832038217
   -1392061711    -458601102
   -2104906515    1529482057
    1712932170   -1613567750
     924135045    2092402514
    -339809202    -509190791
   -1892904806     841836203
    1436561825     874975255
     232669095   -1872576951
    1671119694    1768864823
    -646693610    1672002507
    1074990992    -561640690
   -1936041667    -600899744
    1910412102    -857332570
    2050738707    1909222893
     870051414     223888601
   -1356861376    2013187966
    -620249017   -2103494071
    1437386578    -308025169
    1177683481   -1494456939
    2022036556    1566665256
    -521379308   -2068335117
    -443679910    -215519898
    1370168989    1735328015
     137438302     395788498
   -1338560757     932685674
    -977667567    1300954549
    1927951591    -298231397
   -1582697160    -811033380
    -818745148     -53911818
   -1908827850    -496962402
     914509505    1744241208
    1217588409   -1956975101

****************************************************

